// Jest Snapshot v1, https://goo.gl/fbAQLP

exports[`Pruebas en <TodoList/> Debe mostrar el componente correctamente 1`] = `
<ul
  className="list-group list-group-flush"
>
  <ListaTareasItem
    gestionarBorrado={[MockFunction]}
    gestionarTachado={[MockFunction]}
    index={0}
    key="1"
    tarea={
      Object {
        "descripcion": "Aprender React",
        "hecho": false,
        "id": 1,
      }
    }
  />
  <ListaTareasItem
    gestionarBorrado={[MockFunction]}
    gestionarTachado={[MockFunction]}
    index={1}
    key="2"
    tarea={
      Object {
        "descripcion": "Aprender Mongo",
        "hecho": false,
        "id": 2,
      }
    }
  />
</ul>
`;
